// Jest Snapshot v1, https://goo.gl/fbAQLP

exports[`matches snapshot 1`] = `
<DocumentFragment>
  <div>
    <h3>
      Todo List
    </h3>
    <form>
      <label
        for="todo"
      >
        Add Todo
      </label>
      <input
        id="todo"
        name="todo"
        placeholder="Make a Todo"
        type="text"
        value=""
      />
      <button>
        Create Todo
      </button>
    </form>
    <div>
      <ul>
        <li
          id="39901831-27ca-4b22-993b-f1abbba2dc6f"
        >
          Feed the cat
          <button>
            X
          </button>
        </li>
      </ul>
      <ul>
        <li
          id="a5e3b490-33c8-495e-9a40-80ec80c47360"
        >
          Work on motorcycle
          <button>
            X
          </button>
        </li>
      </ul>
    </div>
  </div>
</DocumentFragment>
`;
